fold 0 epoch 1: val RMSE 0.860
fold 0 epoch 2: val RMSE 0.679
fold 0 epoch 3: val RMSE 0.714
fold 0 epoch 4: val RMSE 0.639
fold 0 epoch 5: val RMSE 0.621
fold 1 epoch 1: val RMSE 0.714
fold 1 epoch 2: val RMSE 0.700
fold 1 epoch 3: val RMSE 0.631
fold 1 epoch 4: val RMSE 0.618
fold 1 epoch 5: val RMSE 0.609
fold 2 epoch 1: val RMSE 0.718
fold 2 epoch 2: val RMSE 0.726
fold 2 epoch 3: val RMSE 0.676
fold 2 epoch 4: val RMSE 0.600
fold 2 epoch 5: val RMSE 0.620
fold 3 epoch 1: val RMSE 0.736
fold 3 epoch 2: val RMSE 0.647
fold 3 epoch 3: val RMSE 0.646
fold 3 epoch 4: val RMSE 0.621
fold 3 epoch 5: val RMSE 0.625
fold 4 epoch 1: val RMSE 0.691
fold 4 epoch 2: val RMSE 0.692
fold 4 epoch 3: val RMSE 0.695
fold 4 epoch 4: val RMSE 0.692
fold 4 epoch 5: val RMSE 0.663
OOF RMSE 0.628  r 0.800
TEXT_MODEL_DONE outputs/deberta_base_s1.csv
fold 0 epoch 1: val RMSE 0.856
fold 0 epoch 2: val RMSE 0.610
fold 0 epoch 3: val RMSE 0.613
fold 0 epoch 4: val RMSE 0.549
fold 0 epoch 5: val RMSE 0.557
fold 1 epoch 1: val RMSE 0.839
fold 1 epoch 2: val RMSE 0.682
fold 1 epoch 3: val RMSE 0.689
fold 1 epoch 4: val RMSE 0.682
fold 1 epoch 5: val RMSE 0.654
fold 2 epoch 1: val RMSE 0.686
fold 2 epoch 2: val RMSE 0.536
fold 2 epoch 3: val RMSE 0.564
fold 2 epoch 4: val RMSE 0.564
fold 2 epoch 5: val RMSE 0.562
fold 3 epoch 1: val RMSE 0.720
fold 3 epoch 2: val RMSE 0.637
fold 3 epoch 3: val RMSE 0.657
fold 3 epoch 4: val RMSE 0.601
fold 3 epoch 5: val RMSE 0.591
fold 4 epoch 1: val RMSE 0.848
fold 4 epoch 2: val RMSE 0.705
fold 4 epoch 3: val RMSE 0.641
fold 4 epoch 4: val RMSE 0.591
fold 4 epoch 5: val RMSE 0.605
OOF RMSE 0.595  r 0.821
TEXT_MODEL_DONE outputs/deberta_large_s1.csv
fold 0 epoch 1: val RMSE 0.728
fold 0 epoch 2: val RMSE 0.613
fold 0 epoch 3: val RMSE 0.600
fold 0 epoch 4: val RMSE 0.601
fold 0 epoch 5: val RMSE 0.585
fold 1 epoch 1: val RMSE 0.744
fold 1 epoch 2: val RMSE 0.669
fold 1 epoch 3: val RMSE 0.750
fold 1 epoch 4: val RMSE 0.623
fold 1 epoch 5: val RMSE 0.634
fold 2 epoch 1: val RMSE 0.833
fold 2 epoch 2: val RMSE 0.661
fold 2 epoch 3: val RMSE 0.694
fold 2 epoch 4: val RMSE 0.629
fold 2 epoch 5: val RMSE 0.633
fold 3 epoch 1: val RMSE 0.702
fold 3 epoch 2: val RMSE 0.661
fold 3 epoch 3: val RMSE 0.648
fold 3 epoch 4: val RMSE 0.626
fold 3 epoch 5: val RMSE 0.615
fold 4 epoch 1: val RMSE 0.842
fold 4 epoch 2: val RMSE 0.690
fold 4 epoch 3: val RMSE 0.795
fold 4 epoch 4: val RMSE 0.676
fold 4 epoch 5: val RMSE 0.664
OOF RMSE 0.627  r 0.798
TEXT_MODEL_DONE outputs/deberta_base_s2.csv
fold 0 epoch 1: val RMSE 0.808
fold 0 epoch 2: val RMSE 0.606
fold 0 epoch 3: val RMSE 0.629
fold 0 epoch 4: val RMSE 0.569
fold 0 epoch 5: val RMSE 0.576
fold 1 epoch 1: val RMSE 0.882
fold 1 epoch 2: val RMSE 0.715
fold 1 epoch 3: val RMSE 0.706
fold 1 epoch 4: val RMSE 0.661
fold 1 epoch 5: val RMSE 0.663
fold 2 epoch 1: val RMSE 0.783
fold 2 epoch 2: val RMSE 0.627
fold 2 epoch 3: val RMSE 0.600
fold 2 epoch 4: val RMSE 0.555
fold 2 epoch 5: val RMSE 0.569
fold 3 epoch 1: val RMSE 0.889
fold 3 epoch 2: val RMSE 0.618
fold 3 epoch 3: val RMSE 0.687
fold 3 epoch 4: val RMSE 0.595
fold 3 epoch 5: val RMSE 0.601
fold 4 epoch 1: val RMSE 0.899
fold 4 epoch 2: val RMSE 0.712
fold 4 epoch 3: val RMSE 0.652
fold 4 epoch 4: val RMSE 0.691
fold 4 epoch 5: val RMSE 0.629
OOF RMSE 0.608  r 0.809
TEXT_MODEL_DONE outputs/deberta_large_s2.csv
SEEDS_DONE
